// Vitest Snapshot v1, https://vitest.dev/guide/snapshot.html

exports[`when there is no data > should render 1`] = `
<div>
  <section>
    <header>
      <div>
        Plants
      </div>
    </header>
    <form
      class="flex gap-x-3"
      novalidate=""
    >
      <div
        class="required field"
      >
        <label
          for=":r0:-name"
        >
          Name
        </label>
        <input
          id=":r0:-name"
          maxlength="48"
          name="name"
          placeholder="Ex. Tomato"
          required=""
          size="32"
          type="text"
        />
      </div>
      <div
        class="required field"
      >
        <label
          for=":r0:-minPH"
        >
          Minimum PH
        </label>
        <input
          id=":r0:-minPH"
          max="14"
          min="0"
          name="minPH"
          placeholder="Ex. 7.0"
          required=""
          size="10"
          step=".1"
          type="number"
        />
      </div>
      <div
        class="required field"
      >
        <label
          for=":r0:-maxPH"
        >
          Maximum PH
        </label>
        <input
          id=":r0:-maxPH"
          max="14"
          min="0"
          name="maxPH"
          placeholder="Ex. 7.0"
          required=""
          size="10"
          step=".1"
          type="number"
        />
      </div>
      <div
        class="flex items-center gap-x-2"
      >
        <button
          class="emerald"
          type="submit"
        >
          Submit
        </button>
        <button
          class="slate"
          type="button"
        >
          Clear
        </button>
      </div>
    </form>
    <div />
  </section>
</div>
`;
