// Vitest Snapshot v1, https://vitest.dev/guide/snapshot.html

exports[`should render 1`] = `
<div>
  <button
    class="slate"
    type="button"
  >
    Clear
  </button>
</div>
`;
