// Vitest Snapshot v1, https://vitest.dev/guide/snapshot.html

exports[`when there is no data > should render 1`] = `
<div>
  <section>
    <header>
      <div>
        Home
      </div>
    </header>
    <div
      class="flex flex-wrap justify-around gap-y-2"
    >
      <div>
        <div>
          Bucket: 
          Test Bucket
           
          Test Plant
        </div>
        <div>
          PH
        </div>
        <svg
          font-family="sans-serif"
          font-size="10"
          height="156"
          stroke="currentColor"
          text-anchor="middle"
          width="344"
        >
          <g
            transform="translate(32,12)"
          >
            <g
              class="x axis"
              transform="translate(0, 120)"
            >
              <path
                d="M0,6V0H300V6"
                fill="none"
              />
            </g>
            <g
              class="y axis"
              text-anchor="end"
            >
              <path
                d="M-6,120H0V0H-6"
                fill="none"
              />
              <g
                class="tick"
                transform="translate(0, 120)"
              >
                <line
                  x2="-6"
                />
                <text
                  dy="0.32em"
                  stroke="none"
                  x="-9"
                >
                  5.0
                </text>
              </g>
              <g
                class="tick"
                transform="translate(0, 100)"
              >
                <line
                  x2="-6"
                />
                <text
                  dy="0.32em"
                  stroke="none"
                  x="-9"
                >
                  5.5
                </text>
              </g>
              <g
                class="tick"
                transform="translate(0, 80)"
              >
                <line
                  x2="-6"
                />
                <text
                  dy="0.32em"
                  stroke="none"
                  x="-9"
                >
                  6.0
                </text>
              </g>
              <g
                class="tick"
                transform="translate(0, 60)"
              >
                <line
                  x2="-6"
                />
                <text
                  dy="0.32em"
                  stroke="none"
                  x="-9"
                >
                  6.5
                </text>
              </g>
              <g
                class="tick"
                transform="translate(0, 40)"
              >
                <line
                  x2="-6"
                />
                <text
                  dy="0.32em"
                  stroke="none"
                  x="-9"
                >
                  7.0
                </text>
              </g>
              <g
                class="tick"
                transform="translate(0, 20)"
              >
                <line
                  x2="-6"
                />
                <text
                  dy="0.32em"
                  stroke="none"
                  x="-9"
                >
                  7.5
                </text>
              </g>
              <g
                class="tick"
                transform="translate(0, 0)"
              >
                <line
                  x2="-6"
                />
                <text
                  dy="0.32em"
                  stroke="none"
                  x="-9"
                >
                  8.0
                </text>
              </g>
            </g>
            <g
              class="bands"
              opacity="0.3"
              stroke="none"
            >
              <path
                d="M0 96V76H300V96Z"
                fill="#EE0"
              />
              <path
                d="M0 20V40H300V20Z"
                fill="#EE0"
              />
              <path
                d="M0 76V40H300V76Z"
                fill="#0E0"
              />
            </g>
            <g
              class="data"
              fill="forestgreen"
              stroke="forestgreen"
            >
              <path
                fill="none"
                stroke-width="2"
              />
            </g>
            <g
              class="no-data"
            >
              <text
                stroke="none"
                x="150"
                y="60"
              >
                No Data To Display
              </text>
            </g>
          </g>
        </svg>
        <div>
          EC
        </div>
        <svg
          font-family="sans-serif"
          font-size="10"
          height="156"
          stroke="currentColor"
          text-anchor="middle"
          width="344"
        >
          <g
            transform="translate(32,12)"
          >
            <g
              class="x axis"
              transform="translate(0, 120)"
            >
              <path
                d="M0,6V0H300V6"
                fill="none"
              />
            </g>
            <g
              class="y axis"
              text-anchor="end"
            >
              <path
                d="M-6,120H0V0H-6"
                fill="none"
              />
              <g
                class="tick"
                transform="translate(0, 115.2)"
              >
                <line
                  x2="-6"
                />
                <text
                  dy="0.32em"
                  stroke="none"
                  x="-9"
                >
                  800
                </text>
              </g>
              <g
                class="tick"
                transform="translate(0, 105.6)"
              >
                <line
                  x2="-6"
                />
                <text
                  dy="0.32em"
                  stroke="none"
                  x="-9"
                >
                  900
                </text>
              </g>
              <g
                class="tick"
                transform="translate(0, 96)"
              >
                <line
                  x2="-6"
                />
                <text
                  dy="0.32em"
                  stroke="none"
                  x="-9"
                >
                  1000
                </text>
              </g>
              <g
                class="tick"
                transform="translate(0, 86.4)"
              >
                <line
                  x2="-6"
                />
                <text
                  dy="0.32em"
                  stroke="none"
                  x="-9"
                >
                  1100
                </text>
              </g>
              <g
                class="tick"
                transform="translate(0, 76.8)"
              >
                <line
                  x2="-6"
                />
                <text
                  dy="0.32em"
                  stroke="none"
                  x="-9"
                >
                  1200
                </text>
              </g>
              <g
                class="tick"
                transform="translate(0, 67.2)"
              >
                <line
                  x2="-6"
                />
                <text
                  dy="0.32em"
                  stroke="none"
                  x="-9"
                >
                  1300
                </text>
              </g>
              <g
                class="tick"
                transform="translate(0, 57.6)"
              >
                <line
                  x2="-6"
                />
                <text
                  dy="0.32em"
                  stroke="none"
                  x="-9"
                >
                  1400
                </text>
              </g>
              <g
                class="tick"
                transform="translate(0, 48)"
              >
                <line
                  x2="-6"
                />
                <text
                  dy="0.32em"
                  stroke="none"
                  x="-9"
                >
                  1500
                </text>
              </g>
              <g
                class="tick"
                transform="translate(0, 38.4)"
              >
                <line
                  x2="-6"
                />
                <text
                  dy="0.32em"
                  stroke="none"
                  x="-9"
                >
                  1600
                </text>
              </g>
              <g
                class="tick"
                transform="translate(0, 28.8)"
              >
                <line
                  x2="-6"
                />
                <text
                  dy="0.32em"
                  stroke="none"
                  x="-9"
                >
                  1700
                </text>
              </g>
              <g
                class="tick"
                transform="translate(0, 19.2)"
              >
                <line
                  x2="-6"
                />
                <text
                  dy="0.32em"
                  stroke="none"
                  x="-9"
                >
                  1800
                </text>
              </g>
              <g
                class="tick"
                transform="translate(0, 9.6)"
              >
                <line
                  x2="-6"
                />
                <text
                  dy="0.32em"
                  stroke="none"
                  x="-9"
                >
                  1900
                </text>
              </g>
              <g
                class="tick"
                transform="translate(0, 0)"
              >
                <line
                  x2="-6"
                />
                <text
                  dy="0.32em"
                  stroke="none"
                  x="-9"
                >
                  2000
                </text>
              </g>
            </g>
            <g
              class="data"
              fill="forestgreen"
              stroke="forestgreen"
            >
              <path
                fill="none"
                stroke-width="2"
              />
            </g>
            <g
              class="no-data"
            >
              <text
                stroke="none"
                x="150"
                y="60"
              >
                No Data To Display
              </text>
            </g>
          </g>
        </svg>
        <div>
          TDS
        </div>
        <svg
          font-family="sans-serif"
          font-size="10"
          height="156"
          stroke="currentColor"
          text-anchor="middle"
          width="344"
        >
          <g
            transform="translate(32,12)"
          >
            <g
              class="x axis"
              transform="translate(0, 120)"
            >
              <path
                d="M0,6V0H300V6"
                fill="none"
              />
            </g>
            <g
              class="y axis"
              text-anchor="end"
            >
              <path
                d="M-6,120H0V0H-6"
                fill="none"
              />
              <g
                class="tick"
                transform="translate(0, 120)"
              >
                <line
                  x2="-6"
                />
                <text
                  dy="0.32em"
                  stroke="none"
                  x="-9"
                >
                  500
                </text>
              </g>
              <g
                class="tick"
                transform="translate(0, 108)"
              >
                <line
                  x2="-6"
                />
                <text
                  dy="0.32em"
                  stroke="none"
                  x="-9"
                >
                  550
                </text>
              </g>
              <g
                class="tick"
                transform="translate(0, 96)"
              >
                <line
                  x2="-6"
                />
                <text
                  dy="0.32em"
                  stroke="none"
                  x="-9"
                >
                  600
                </text>
              </g>
              <g
                class="tick"
                transform="translate(0, 84)"
              >
                <line
                  x2="-6"
                />
                <text
                  dy="0.32em"
                  stroke="none"
                  x="-9"
                >
                  650
                </text>
              </g>
              <g
                class="tick"
                transform="translate(0, 72)"
              >
                <line
                  x2="-6"
                />
                <text
                  dy="0.32em"
                  stroke="none"
                  x="-9"
                >
                  700
                </text>
              </g>
              <g
                class="tick"
                transform="translate(0, 60)"
              >
                <line
                  x2="-6"
                />
                <text
                  dy="0.32em"
                  stroke="none"
                  x="-9"
                >
                  750
                </text>
              </g>
              <g
                class="tick"
                transform="translate(0, 48)"
              >
                <line
                  x2="-6"
                />
                <text
                  dy="0.32em"
                  stroke="none"
                  x="-9"
                >
                  800
                </text>
              </g>
              <g
                class="tick"
                transform="translate(0, 36)"
              >
                <line
                  x2="-6"
                />
                <text
                  dy="0.32em"
                  stroke="none"
                  x="-9"
                >
                  850
                </text>
              </g>
              <g
                class="tick"
                transform="translate(0, 24)"
              >
                <line
                  x2="-6"
                />
                <text
                  dy="0.32em"
                  stroke="none"
                  x="-9"
                >
                  900
                </text>
              </g>
              <g
                class="tick"
                transform="translate(0, 12)"
              >
                <line
                  x2="-6"
                />
                <text
                  dy="0.32em"
                  stroke="none"
                  x="-9"
                >
                  950
                </text>
              </g>
              <g
                class="tick"
                transform="translate(0, 0)"
              >
                <line
                  x2="-6"
                />
                <text
                  dy="0.32em"
                  stroke="none"
                  x="-9"
                >
                  1000
                </text>
              </g>
            </g>
            <g
              class="data"
              fill="forestgreen"
              stroke="forestgreen"
            >
              <path
                fill="none"
                stroke-width="2"
              />
            </g>
            <g
              class="no-data"
            >
              <text
                stroke="none"
                x="150"
                y="60"
              >
                No Data To Display
              </text>
            </g>
          </g>
        </svg>
      </div>
    </div>
  </section>
</div>
`;
